About Trademark Learn Book Cheat Sheet Videos External Links Tools Command Line GUIs Hosting Reference Install Community Table of Contents NAME SYNOPSIS DESCRIPTION Importing a new project Making changes Git tracks content not files Viewing project history Managing branches Using Git for collaboration Exploring history Next Steps SEE ALSO GIT gittutorial English Setup and Config 
 git config help bugreport Credential helpers Getting and Creating Projects 
 init clone Basic Snapshotting 
 add status diff commit notes restore reset rm mv Branching and Merging 
 branch checkout switch merge mergetool log stash tag worktree Sharing and Updating Projects 
 fetch pull push remote submodule Inspection and Comparison 
 show log diff difftool range-diff shortlog describe Patching 
 apply cherry-pick diff rebase revert Debugging 
 bisect blame grep Email 
 am apply imap-send format-patch send-email request-pull External Systems 
 svn fast-import Server Admin 
 daemon update-server-info Guides 
 gitattributes Command-line interface conventions Everyday Git Frequently Asked Questions (FAQ) Glossary Hooks gitignore gitmodules Revisions Submodules Tutorial Workflows All guides... Administration 
 clean gc fsck reflog filter-branch instaweb archive bundle Plumbing Commands 
 cat-file check-ignore checkout-index commit-tree count-objects diff-index for-each-ref hash-object ls-files ls-tree merge-base read-tree rev-list rev-parse show-ref symbolic-ref update-index update-ref verify-pack write-tree gittutorial 2.54.0 2026-04-20 2.46.2 → 2.53.0 no changes 2.46.1 2024-09-13 2.43.1 → 2.46.0 no changes 2.43.0 2023-11-20 2.41.1 → 2.42.4 no changes 2.41.0 2023-06-01 2.33.1 → 2.40.4 no changes 2.33.0 2021-08-16 2.23.1 → 2.32.7 no changes 2.23.0 2019-08-16 2.16.6 → 2.22.5 no changes 2.15.4 2019-12-06 2.13.7 → 2.14.6 no changes 2.12.5 2017-09-22 2.9.5 → 2.11.4 no changes 2.8.6 2017-07-30 2.3.10 → 2.7.6 no changes 2.2.3 2015-09-04 2.1.4 no changes 2.0.5 2014-12-17 Check your version of git by running 

 git --version NAME 
 gittutorial - A tutorial introduction to Git 

 SYNOPSIS 
 git * DESCRIPTION 
 This tutorial explains how to import a new project into Git, make
changes to it, and share changes with other developers. 

 If you are instead primarily interested in using Git to fetch a project,
for example, to test the latest version, you may prefer to start with
the first two chapters of The Git User’s Manual . 

 First, note that you can get documentation for a command such as git log --graph $ man git-log or: 

 $ git help log With the latter, you can use the manual viewer of your choice; see git-help[1] for more information. 

 It is a good idea to introduce yourself to Git with your name and
public email address before doing any operation.  The easiest
way to do so is: 

 $ git config --global user.name "Your Name Comes Here"
$ git config --global user.email you@yourdomain.example.com Importing a new project 
 Assume you have a tarball project.tar.gz $ tar xzf project.tar.gz
$ cd project
$ git init Git will reply 

 Initialized empty Git repository in .git/ You’ve now initialized the working directory—​you may notice a new
directory created, named .git Next, tell Git to take a snapshot of the contents of all files under the
current directory (note the . git add $ git add . This snapshot is now stored in a temporary staging area which Git calls
the "index".  You can permanently store the contents of the index in the
repository with git commit $ git commit This will prompt you for a commit message.  You’ve now stored the first
version of your project in Git. 

 Making changes 
 Modify some files, then add their updated contents to the index: 

 $ git add file1 file2 file3 You are now ready to commit.  You can see what is about to be committed
using git diff --cached $ git diff --cached (Without --cached git diff git status $ git status
On branch master
Changes to be committed:
  (use "git restore --staged <file>..." to unstage)

	modified:   file1
	modified:   file2
	modified:   file3 If you need to make any further adjustments, do so now, and then add any
newly modified content to the index.  Finally, commit your changes with: 

 $ git commit This will again prompt you for a message describing the change, and then
record a new version of the project. 

 Alternatively, instead of running git add $ git commit -a which will automatically notice any modified (but not new) files, add
them to the index, and commit, all in one step. 

 A note on commit messages: Though not required, it’s a good idea to
begin the commit message with a single short (no more than 50
characters) line summarizing the change, followed by a blank line and
then a more thorough description. The text up to the first blank line in
a commit message is treated as the commit title, and that title is used
throughout Git.  For example, git-format-patch[1] turns a
commit into email, and it uses the title on the Subject line and the
rest of the commit in the body. 

 Git tracks content not files 
 Many revision control systems provide an add add git add Viewing project history 
 At any point you can view the history of your changes using 

 $ git log If you also want to see complete diffs at each step, use 

 $ git log -p Often the overview of the change is useful to get a feel of
each step 

 $ git log --stat --summary Managing branches 
 A single Git repository can maintain multiple branches of
development.  To create a new branch named experimental $ git branch experimental If you now run 

 $ git branch you’ll get a list of all existing branches: 

 experimental
* master The experimental master $ git switch experimental to switch to the experimental master (edit file)
$ git commit -a
$ git switch master Check that the change you made is no longer visible, since it was
made on the experimental master You can make a different change on the master (edit file)
$ git commit -a at this point the two branches have diverged, with different changes
made in each.  To merge the changes made in experimental master $ git merge experimental If the changes don’t conflict, you’re done.  If there are conflicts,
markers will be left in the problematic files showing the conflict; 

 $ git diff will show this.  Once you’ve edited the files to resolve the
conflicts, 

 $ git commit -a will commit the result of the merge. Finally, 

 $ gitk will show a nice graphical representation of the resulting history. 

 At this point you could delete the experimental $ git branch -d experimental This command ensures that the changes in the experimental If you develop on a branch crazy-idea $ git branch -D crazy-idea Branches are cheap and easy, so this is a good way to try something
out. 

 Using Git for collaboration 
 Suppose that Alice has started a new project with a Git repository in /home/alice/project Bob begins with: 

 bob$ git clone /home/alice/project myrepo This creates a new directory myrepo Bob then makes some changes and commits them: 

 (edit files)
bob$ git commit -a
(repeat as necessary) When he’s ready, he tells Alice to pull changes from the repository
at /home/bob/myrepo alice$ cd /home/alice/project
alice$ git pull /home/bob/myrepo master This merges the changes from Bob’s master The pull Note that in general, Alice would want her local changes committed before
initiating this pull Alice can peek at what Bob did without merging first, using the fetch FETCH_HEAD alice$ git fetch /home/bob/myrepo master
alice$ git log -p HEAD..FETCH_HEAD This operation is safe even if Alice has uncommitted local changes.
The range notation HEAD..FETCH_HEAD FETCH_HEAD HEAD HEAD FETCH_HEAD If Alice wants to visualize what Bob did since their histories forked
she can issue the following command: 

 $ gitk HEAD..FETCH_HEAD This uses the same two-dot range notation we saw earlier with git log Alice may want to view what both of them did since they forked.
She can use three-dot form instead of the two-dot form: 

 $ gitk HEAD...FETCH_HEAD This means "show everything that is reachable from either one, but
exclude anything that is reachable from both of them". 

 Please note that these range notations can be used with both gitk git log After inspecting what Bob did, if there is nothing urgent, Alice may
decide to continue working without pulling from Bob.  If Bob’s history
does have something Alice would immediately need, Alice may choose to
stash her work-in-progress first, do a pull When you are working in a small closely knit group, it is not
unusual to interact with the same repository over and over
again.  By defining remote repository shorthand, you can make
it easier: 

 alice$ git remote add bob /home/bob/myrepo With this, Alice can perform the first part of the pull git fetch alice$ git fetch bob Unlike the longhand form, when Alice fetches from Bob using a
remote repository shorthand set up with git remote bob/master alice$ git log -p master..bob/master shows a list of all the changes that Bob made since he branched from
Alice’s master After examining those changes, Alice
could merge the changes into her master alice$ git merge bob/master This merge alice$ git pull . remotes/bob/master Note that git pull always merges into the current branch,
regardless of what else is given on the command line. 

 Later, Bob can update his repo with Alice’s latest changes using 

 bob$ git pull Note that he doesn’t need to give the path to Alice’s repository;
when Bob cloned Alice’s repository, Git stored the location of her
repository in the repository configuration, and that location is
used for pulls: 

 bob$ git config --get remote.origin.url
/home/alice/project (The complete configuration created by git clone git config list Git also keeps a pristine copy of Alice’s master origin/master bob$ git branch -r
  origin/master If Bob later decides to work from a different host, he can still
perform clones and pulls using the ssh protocol: 

 bob$ git clone alice.org:/home/alice/project myrepo Alternatively, Git has a native protocol, or can use http;
see git-pull[1] for details. 

 Git can also be used in a CVS-like mode, with a central repository
that various users push changes to; see git-push[1] and gitcvs-migration[7] . 

 Exploring history 
 Git history is represented as a series of interrelated commits.  We
have already seen that the git log git log $ git log
commit c82a22c39cbc32576f64f5c6b3f24b99ea8149c7
Author: Junio C Hamano <junkio@cox.net>
Date:   Tue May 16 17:18:22 2006 -0700

    merge-base: Clarify the comments on post processing. We can give this name to git show $ git show c82a22c39cbc32576f64f5c6b3f24b99ea8149c7 But there are other ways to refer to commits.  You can use any initial
part of the name that is long enough to uniquely identify the commit: 

 $ git show c82a22c39c	# the first few characters of the name are
			# usually enough
$ git show HEAD		# the tip of the current branch
$ git show experimental	# the tip of the "experimental" branch Every commit usually has one "parent" commit
which points to the previous state of the project: 

 $ git show HEAD^  # to see the parent of HEAD
$ git show HEAD^^ # to see the grandparent of HEAD
$ git show HEAD~4 # to see the great-great grandparent of HEAD Note that merge commits may have more than one parent: 

 $ git show HEAD^1 # show the first parent of HEAD (same as HEAD^)
$ git show HEAD^2 # show the second parent of HEAD You can also give commits names of your own; after running 

 $ git tag v2.5 1b2e1d63ff you can refer to 1b2e1d63ff v2.5 Any Git command that needs to know a commit can take any of these
names.  For example: 

 $ git diff v2.5 HEAD	 # compare the current HEAD to v2.5
$ git branch stable v2.5 # start a new branch named "stable" based
			 # at v2.5
$ git reset --hard HEAD^ # reset your current branch and working
			 # directory to its state at HEAD^ Be careful with that last command: in addition to losing any changes
in the working directory, it will also remove all later commits from
this branch.  If this branch is the only branch containing those
commits, they will be lost.  Also, don’t use git reset git revert The git grep $ git grep "hello" v2.5 searches for all occurrences of "hello" in v2.5 If you leave out the commit name, git grep $ git grep "hello" is a quick way to search just the files that are tracked by Git. 

 Many Git commands also take sets of commits, which can be specified
in a number of ways.  Here are some examples with git log $ git log v2.5..v2.6            # commits between v2.5 and v2.6
$ git log v2.5..                # commits since v2.5
$ git log --since="2 weeks ago" # commits from the last 2 weeks
$ git log v2.5.. Makefile       # commits since v2.5 which modify
				# Makefile You can also give git log stable master $ git log stable..master will list commits made in the master $ git log master..stable will show the list of commits made on the stable branch but not
the master The git log git log Most projects with multiple contributors (such as the Linux kernel,
or Git itself) have frequent merges, and gitk $ gitk --since="2 weeks ago" drivers/ allows you to browse any commits from the last 2 weeks of commits
that modified files under the drivers Finally, most commands that take filenames will optionally allow you
to precede any filename by a commit, to specify a particular version
of the file: 

 $ git diff v2.5:Makefile HEAD:Makefile.in You can also use git show $ git show v2.5:Makefile Next Steps 
 This tutorial should be enough to perform basic distributed revision
control for your projects.  However, to fully understand the depth
and power of Git you need to understand two simple ideas on which it
is based: 

 The object database is the rather elegant system used to
store the history of your project—​files, directories, and
commits. 

 The index file is a cache of the state of a directory tree,
used to create commits, check out working directories, and
hold the various trees involved in a merge. 

 Part two of this tutorial explains the object
database, the index file, and a few other odds and ends that you’ll
need to make the most of Git. You can find it at gittutorial-2[7] . 

 If you don’t want to continue with that right away, a few other
digressions that may be interesting at this point are: 

 git-format-patch[1] , git-am[1] : These convert
series of git commits into emailed patches, and vice versa,
useful for projects such as the Linux kernel which rely heavily
on emailed patches. 

 git-bisect[1] : When there is a regression in your
project, one way to track down the bug is by searching through
the history to find the exact commit that’s to blame. git bisect gitworkflows[7] : Gives an overview of recommended
workflows. 

 giteveryday[7] : Everyday Git with 20 Commands Or So. 

 gitcvs-migration[7] : Git for CVS users. 

 SEE ALSO 
 gittutorial-2[7] , gitcvs-migration[7] , gitcore-tutorial[7] , gitglossary[7] , git-help[1] , gitworkflows[7] , giteveryday[7] , The Git User’s Manual 

 GIT 
 Part of the git[1] suite 

 gittutorial 
