so you’ll stash the changes. To push a new stash onto your stack, run git stash or git stash push:
$ git stash
Saved working directory and index state \
  "WIP on master: 049d078 Create index file"
HEAD is now at 049d078 Create index file
(To restore them type "git stash apply")
You can now see that your working directory is clean:
$ git status
# On branch master
nothing to commit, working directory clean
At this point, you can switch branches and do work elsewhere; your changes are stored on your
stack. To see which stashes you’ve stored, you can use git stash list:
$ git stash list
stash@{0}: WIP on master: 049d078 Create index file
stash@{1}: WIP on master: c264051 Revert "Add file_size"
stash@{2}: WIP on master: 21d80a5 Add number to log
In this case, two stashes were saved previously, so you have access to three different stashed works.
You can reapply the one you just stashed by using the command shown in the help output of the
original stash command: git stash apply. If you want to apply one of the older stashes, you can
specify it by naming it, like this: git stash apply stash@{2}. If you don’t specify a stash, Git assumes
the most recent stash and tries to apply it:
$ git stash apply
On branch master
Changes not staged for commit:
  (use "git add <file>..." to update what will be committed)
  (use "git checkout -- <file>..." to discard changes in working directory)
    modified:   index.html
    modified:   lib/simplegit.rb
no changes added to commit (use "git add" and/or "git commit -a")
You can see that Git re-modifies the files you reverted when you saved the stash. In this case, you
had a clean working directory when you tried to apply the stash, and you tried to apply it on the
same branch you saved it from. Having a clean working directory and applying it on the same
branch aren’t necessary to successfully apply a stash. You can save a stash on one branch, switch to
another branch later, and try to reapply the changes. You can also have modified and uncommitted
files in your working directory when you apply a stash — Git gives you merge conflicts if anything
231
no longer applies cleanly.
The changes to your files were reapplied, but the file you staged before wasn’t restaged. To do that,
you must run the git stash apply command with a --index option to tell the command to try to
reapply the staged changes. If you had run that instead, you’d have gotten back to your original
position:
$ git stash apply --index
On branch master
Changes to be committed:
  (use "git reset HEAD <file>..." to unstage)
    modified:   index.html
Changes not staged for commit:
  (use "git add <file>..." to update what will be committed)
  (use "git checkout -- <file>..." to discard changes in working directory)
    modified:   lib/simplegit.rb
The apply option only tries to apply the stashed work — you continue to have it on your stack. To
remove it, you can run git stash drop with the name of the stash to remove:
$ git stash list
stash@{0}: WIP on master: 049d078 Create index file
stash@{1}: WIP on master: c264051 Revert "Add file_size"
stash@{2}: WIP on master: 21d80a5 Add number to log
$ git stash drop stash@{0}
Dropped stash@{0} (364e91f3f268f0900bc3ee613f9f733e82aaed43)
You can also run git stash pop to apply the stash and then immediately drop it from your stack.
Creative Stashing
There are a few stash variants that may also be helpful. The first option that is quite popular is the
--keep-index option to the git stash command. This tells Git to not only include all staged content in
the stash being created, but simultaneously leave it in the index.
$ git status -s
M  index.html
 M lib/simplegit.rb
$ git stash --keep-index
Saved working directory and index state WIP on master: 1b65b17 added the index file
HEAD is now at 1b65b17 added the index file
$ git status -s
232
M  index.html
Another common thing you may want to do with stash is to stash the untracked files as well as the
tracked ones. By default, git stash will stash only modified and staged tracked files. If you specify
--include-untracked or -u, Git will include untracked files in the stash being created. However,
including untracked files in the stash will still not include explicitly ignored files; to additionally
include ignored files, use --all (or just -a).
$ git status -s
M  index.html
 M lib/simplegit.rb
?? new-file.txt
$ git stash -u
Saved working directory and index state WIP on master: 1b65b17 added the index file
HEAD is now at 1b65b17 added the index file
$ git status -s
$
Finally, if you specify the --patch flag, Git will not stash everything that is modified but will instead
prompt you interactively which of the changes you would like to stash and which you would like to
keep in your working directory.
$ git stash --patch
diff --git a/lib/simplegit.rb b/lib/simplegit.rb
index 66d332e..8bb5674 100644
--- a/lib/simplegit.rb
+++ b/lib/simplegit.rb
@@ -16,6 +16,10 @@ class SimpleGit
         return `#{git_cmd} 2>&1`.chomp
       end
     end
+
+    def show(treeish = 'master')
+      command("git show #{treeish}")
+    end
 end
 test
Stash this hunk [y,n,q,a,d,/,e,?]? y
Saved working directory and index state WIP on master: 1b65b17 added the index file
Creating a Branch from a Stash
If you stash some work, leave it there for a while, and continue on the branch from which you
233
stashed the work, you may have a problem reapplying the work. If the apply tries to modify a file
that you’ve since modified, you’ll get a merge conflict and will have to try to resolve it. If you want
an easier way to test the stashed changes again, you can run git stash branch <new branchname>,
which creates a new branch for you with your selected branch name, checks out the commit you
were on when you stashed your work, reapplies your work there, and then drops the stash if it
applies successfully:
$ git stash branch testchanges
M   index.html
M   lib/simplegit.rb
Switched to a new branch 'testchanges'
On branch testchanges
Changes to be committed:
  (use "git reset HEAD <file>..." to unstage)
    modified:   index.html
Changes not staged for commit:
  (use "git add <file>..." to update what will be committed)
  (use "git checkout -- <file>..." to discard changes in working directory)
    modified:   lib/simplegit.rb
Dropped refs/stash@{0} (29d385a81d163dfd45a452a2ce816487a6b8b014)
This is a nice shortcut to recover stashed work easily and work on it in a new branch.
Cleaning your Working Directory
Finally, you may not want to stash some work or files in your working directory, but simply get rid
of them; that’s what the git clean command is for.
Some common reasons for cleaning your working directory might be to remove cruft that has been
generated by merges or external tools or to remove build artifacts in order to run a clean build.
You’ll want to be pretty careful with this command, since it’s designed to remove files from your
working directory that are not tracked. If you change your mind, there is often no retrieving the
content of those files. A safer option is to run git stash --all to remove everything but save it in a
stash.
Assuming you do want to remove cruft files or clean your working directory, you can do so with git
clean. To remove all the untracked files in your working directory, you can run git clean -f -d,
which removes any files and also any subdirectories that become empty as a result. The -f means
'force' or “really do this,” and is required if the Git configuration variable clean.requireForce is not
explicitly set to false.
If you ever want to see what it would do, you can run the command with the --dry-run (or -n)
option, which means “do a dry run and tell me what you would have removed”.
234
$ git clean -d -n
Would remove test.o
Would remove tmp/
By default, the git clean command will only remove untracked files that are not ignored. Any file
that matches a pattern in your .gitignore or other ignore files will not be removed. If you want to
remove those files too, such as to remove all .o files generated from a build so you can do a fully
clean build, you can add a -x to the clean command.
$ git status -s
 M lib/simplegit.rb
?? build.TMP
?? tmp/
$ git clean -n -d
Would remove build.TMP
Would remove tmp/
$ git clean -n -d -x
Would remove build.TMP
Would remove test.o
Would remove tmp/
If you don’t know what the git clean command is going to do, always run it with a -n first to double
check before changing the -n to a -f and doing it for real. The other way you can be careful about
the process is to run it with the -i or “interactive” flag.
This will run the clean command in an interactive mode.
$ git clean -x -i
Would remove the following items:
  build.TMP  test.o
*** Commands ***
    1: clean                2: filter by pattern    3: select by numbers    4: ask
each             5: quit
    6: help
What now>
This way you can step through each file individually or specify patterns for deletion interactively.

There is a quirky situation where you might need to be extra forceful in asking Git
to clean your working directory. If you happen to be in a working directory under
which you’ve copied or cloned other Git repositories (perhaps as submodules),
even git clean -fd will refuse to delete those directories. In cases like that, you
need to add a second -f option for emphasis.
235
Signing Your Work
Git is cryptographically secure, but it’s not foolproof. If you’re taking work from others on the
internet and want to verify that commits are actually from a trusted source, Git has a few ways to
sign and verify work using GPG.
GPG Introduction
First of all, if you want to sign anything you need to get GPG configured and your personal key
installed.
$ gpg --list-keys
/Users/schacon/.gnupg/pubring.gpg
---------------------------------
pub   2048R/0A46826A 2014-06-04
uid                  Scott Chacon (Git signing key) <schacon@gmail.com>
sub   2048R/874529A9 2014-06-04
If you don’t have a key installed, you can generate one with gpg --gen-key.
$ gpg --gen-key
Once you have a private key to sign with, you can configure Git to use it for signing things by setting
the user.signingkey config setting.
$ git config --global user.signingkey 0A46826A!
Now Git will use your key by default to sign tags and commits if you want.
Signing Tags
If you have a GPG private key set up, you can now use it to sign new tags. All you have to do is use
-s instead of -a:
$ git tag -s v1.5 -m 'my signed 1.5 tag'
You need a passphrase to unlock the secret key for
user: "Ben Straub <ben@straub.cc>"
2048-bit RSA key, ID 800430EB, created 2014-05-04
If you run git show on that tag, you can see your GPG signature attached to it:
$ git show v1.5
tag v1.5
Tagger: Ben Straub <ben@straub.cc>
236
Date:   Sat May 3 20:29:41 2014 -0700
my signed 1.5 tag
-----BEGIN PGP SIGNATURE-----
Version: GnuPG v1
iQEcBAABAgAGBQJTZbQlAAoJEF0+sviABDDrZbQH/09PfE51KPVPlanr6q1v4/Ut
LQxfojUWiLQdg2ESJItkcuweYg+kc3HCyFejeDIBw9dpXt00rY26p05qrpnG+85b
hM1/PswpPLuBSr+oCIDj5GMC2r2iEKsfv2fJbNW8iWAXVLoWZRF8B0MfqX/YTMbm
ecorc4iXzQu7tupRihslbNkfvfciMnSDeSvzCpWAHl7h8Wj6hhqePmLm9lAYqnKp
8S5B/1SSQuEAjRZgI4IexpZoeKGVDptPHxLLS38fozsyi0QyDyzEgJxcJQVMXxVi
RUysgqjcpT8+iQM1PblGfHR4XAhuOqN5Fx06PSaFZhqvWFezJ28/CLyX5q+oIVk=
=EFTF
-----END PGP SIGNATURE-----
commit ca82a6dff817ec66f44342007202690a93763949
Author: Scott Chacon <schacon@gee-mail.com>
Date:   Mon Mar 17 21:52:11 2008 -0700
    Change version number
Verifying Tags
To verify a signed tag, you use git tag -v <tag-name>. This command uses GPG to verify the
signature. You need the signer’s public key in your keyring for this to work properly:
$ git tag -v v1.4.2.1
object 883653babd8ee7ea23e6a5c392bb739348b1eb61
type commit
tag v1.4.2.1
tagger Junio C Hamano <junkio@cox.net> 1158138501 -0700
GIT 1.4.2.1
Minor fixes since 1.4.2, including git-mv and git-http with alternates.
gpg: Signature made Wed Sep 13 02:08:25 2006 PDT using DSA key ID F3119B9A
gpg: Good signature from "Junio C Hamano <junkio@cox.net>"
gpg:                 aka "[jpeg image of size 1513]"
Primary key fingerprint: 3565 2A26 2040 E066 C9A7  4A7D C0C6 D9A4 F311 9B9A
If you don’t have the signer’s public key, you get something like this instead:
gpg: Signature made Wed Sep 13 02:08:25 2006 PDT using DSA key ID F3119B9A
gpg: Can't check signature: public key not found
error: could not verify the tag 'v1.4.2.1'
237
Signing Commits
In more recent versions of Git (v1.7.9 and above), you can now also sign individual commits. If
you’re interested in signing commits directly instead of just the tags, all you need to do is add a -S to
your git commit command.
$ git commit -a -S -m 'Signed commit'
You need a passphrase to unlock the secret key for
user: "Scott Chacon (Git signing key) <schacon@gmail.com>"
2048-bit RSA key, ID 0A46826A, created 2014-06-04
[master 5c3386c] Signed commit
 4 files changed, 4 insertions(+), 24 deletions(-)
 rewrite Rakefile (100%)
 create mode 100644 lib/git.rb
To see and verify these signatures, there is also a --show-signature option to git log.
$ git log --show-signature -1
commit 5c3386cf54bba0a33a32da706aa52bc0155503c2
gpg: Signature made Wed Jun  4 19:49:17 2014 PDT using RSA key ID 0A46826A
gpg: Good signature from "Scott Chacon (Git signing key) <schacon@gmail.com>"
Author: Scott Chacon <schacon@gmail.com>
Date:   Wed Jun 4 19:49:17 2014 -0700
    Signed commit
Additionally, you can configure git log to check any signatures it finds and list them in its output
with the %G? format.
$ git log --pretty="format:%h %G? %aN  %s"
5c3386c G Scott Chacon  Signed commit
ca82a6d N Scott Chacon  Change the version number
085bb3b N Scott Chacon  Remove unnecessary test code
a11bef0 N Scott Chacon  Initial commit
Here we can see that only the latest commit is signed and valid and the previous commits are not.
In Git 1.8.3 and later, git merge and git pull can be told to inspect and reject when merging a
commit that does not carry a trusted GPG signature with the --verify-signatures command.
If you use this option when merging a branch and it contains commits that are not signed and valid,
the merge will not work.
$ git merge --verify-signatures non-verify
238
fatal: Commit ab06180 does not have a GPG signature.
If the merge contains only valid signed commits, the merge command will show you all the
signatures it has checked and then move forward with the merge.
$ git merge --verify-signatures signed-branch
Commit 13ad65e has a good GPG signature by Scott Chacon (Git signing key)
<schacon@gmail.com>
Updating 5c3386c..13ad65e
Fast-forward
 README | 2 ++
 1 file changed, 2 insertions(+)
You can also use the -S option with the git merge command to sign the resulting merge commit
itself. The following example both verifies that every commit in the branch to be merged is signed
and furthermore signs the resulting merge commit.
$ git merge --verify-signatures -S  signed-branch
Commit 13ad65e has a good GPG signature by Scott Chacon (Git signing key)
<schacon@gmail.com>
You need a passphrase to unlock the secret key for
user: "Scott Chacon (Git signing key) <schacon@gmail.com>"
2048-bit RSA key, ID 0A46826A, created 2014-06-04
Merge made by the 'recursive' strategy.
 README | 2 ++
 1 file changed, 2 insertions(+)
Everyone Must Sign
Signing tags and commits is great, but if you decide to use this in your normal workflow, you’ll have
to make sure that everyone on your team understands how to do so. This can be achieved by asking
everyone working with the repository to run git config --local commit.gpgsign true to
automatically have all of their commits in the repository signed by default. If you don’t, you’ll end
up spending a lot of time helping people figure out how to rewrite their commits with signed
versions. Make sure you understand GPG and the benefits of signing things before adopting this as
part of your standard workflow.
Searching
With just about any size codebase, you’ll often need to find where a function is called or defined, or
display the history of a method. Git provides a couple of useful tools for looking through the code
and commits stored in its database quickly and easily. We’ll go through a few of them.
239
Git Grep
Git ships with a command called grep that allows you to easily search through any committed tree,
the working directory, or even the index for a string or regular expression. For the examples that
follow, we’ll search through the source code for Git itself.
By default, git grep will look through the files in your working directory. As a first variation, you
can use either of the -n or --line-number options to print out the line numbers where Git has found
matches:
$ git grep -n gmtime_r
compat/gmtime.c:3:#undef gmtime_r
compat/gmtime.c:8:      return git_gmtime_r(timep, &result);
compat/gmtime.c:11:struct tm *git_gmtime_r(const time_t *timep, struct tm *result)
compat/gmtime.c:16:     ret = gmtime_r(timep, result);
compat/mingw.c:826:struct tm *gmtime_r(const time_t *timep, struct tm *result)
compat/mingw.h:206:struct tm *gmtime_r(const time_t *timep, struct tm *result);
date.c:482:             if (gmtime_r(&now, &now_tm))
date.c:545:             if (gmtime_r(&time, tm)) {
date.c:758:             /* gmtime_r() in match_digit() may have clobbered it */
git-compat-util.h:1138:struct tm *git_gmtime_r(const time_t *, struct tm *);
git-compat-util.h:1140:#define gmtime_r git_gmtime_r
In addition to the basic search shown above, git grep supports a plethora of other interesting
options.
For instance, instead of printing all of the matches, you can ask git grep to summarize the output
by showing you only which files contained the search string and how many matches there were in
each file with the -c or --count option:
$ git grep --count gmtime_r
compat/gmtime.c:4
compat/mingw.c:1
compat/mingw.h:1
date.c:3
git-compat-util.h:2
If you’re interested in the context of a search string, you can display the enclosing method or
function for each matching string with either of the -p or --show-function options:
$ git grep -p gmtime_r *.c
date.c=static int match_multi_number(timestamp_t num, char c, const char *date,
date.c:         if (gmtime_r(&now, &now_tm))
date.c=static int match_digit(const char *date, struct tm *tm, int *offset, int
*tm_gmt)
date.c:         if (gmtime_r(&time, tm)) {
date.c=int parse_date_basic(const char *date, timestamp_t *timestamp, int *offset)
240
date.c:         /* gmtime_r() in match_digit() may have clobbered it */
As you can see, the gmtime_r routine is called from both the match_multi_number and match_digit
functions in the date.c file (the third match displayed represents just the string appearing in a
comment).
You can also search for complex combinations of strings with the --and flag, which ensures that
multiple matches must occur in the same line of text. For instance, let’s look for any lines that
define a constant whose name contains either of the substrings “LINK” or “BUF_MAX”, specifically
in an older version of the Git codebase represented by the tag v1.8.0 (we’ll throw in the --break and
--heading options which help split up the output into a more readable format):
$ git grep --break --heading \
    -n -e '#define' --and \( -e LINK -e BUF_MAX \) v1.8.0
v1.8.0:builtin/index-pack.c
62:#define FLAG_LINK (1u<<20)
v1.8.0:cache.h
73:#define S_IFGITLINK  0160000
74:#define S_ISGITLINK(m)       (((m) & S_IFMT) == S_IFGITLINK)
v1.8.0:environment.c
54:#define OBJECT_CREATION_MODE OBJECT_CREATION_USES_HARDLINKS
v1.8.0:strbuf.c
326:#define STRBUF_MAXLINK (2*PATH_MAX)
v1.8.0:symlinks.c
53:#define FL_SYMLINK  (1 << 2)
v1.8.0:zlib.c
30:/* #define ZLIB_BUF_MAX ((uInt)-1) */
31:#define ZLIB_BUF_MAX ((uInt) 1024 * 1024 * 1024) /* 1GB */
The git grep command has a few advantages over normal searching commands like grep and ack.
The first is that it’s really fast, the second is that you can search through any tree in Git, not just the
working directory. As we saw in the above example, we looked for terms in an older version of the
Git source code, not the version that was currently checked out.
Git Log Searching
Perhaps you’re looking not for where a term exists, but when it existed or was introduced. The git
log command has a number of powerful tools for finding specific commits by the content of their
messages or even the content of the diff they introduce.
If, for example, we want to find out when the ZLIB_BUF_MAX constant was originally introduced, we
can use the -S option (colloquially referred to as the Git “pickaxe” option) to tell Git to show us only
those commits that changed the number of occurrences of that string.
241
$ git log -S ZLIB_BUF_MAX --oneline
e01503b zlib: allow feeding more than 4GB in one go
ef49a7a zlib: zlib can only process 4GB at a time
If we look at the diff of those commits, we can see that in ef49a7a the constant was introduced and
in e01503b it was modified.
If you need to be more specific, you can provide a regular expression to search for with the -G
option.
Line Log Search
Another fairly advanced log search that is insanely useful is the line history search. Simply run git
log with the -L option, and it will show you the history of a function or line of code in your
codebase.
For example, if we wanted to see every change made to the function git_deflate_bound in the zlib.c
file, we could run git log -L :git_deflate_bound:zlib.c. This will try to figure out what the bounds
of that function are and then look through the history and show us every change that was made to
the function as a series of patches back to when the function was first created.
$ git log -L :git_deflate_bound:zlib.c
commit ef49a7a0126d64359c974b4b3b71d7ad42ee3bca
Author: Junio C Hamano <gitster@pobox.com>
Date:   Fri Jun 10 11:52:15 2011 -0700
    zlib: zlib can only process 4GB at a time
diff --git a/zlib.c b/zlib.c
--- a/zlib.c
+++ b/zlib.c
@@ -85,5 +130,5 @@
-unsigned long git_deflate_bound(z_streamp strm, unsigned long size)
+unsigned long git_deflate_bound(git_zstream *strm, unsigned long size)
 {
-       return deflateBound(strm, size);
+       return deflateBound(&strm->z, size);
 }
commit 225a6f1068f71723a910e8565db4e252b3ca21fa
Author: Junio C Hamano <gitster@pobox.com>
Date:   Fri Jun 10 11:18:17 2011 -0700
    zlib: wrap deflateBound() too
diff --git a/zlib.c b/zlib.c
--- a/zlib.c
+++ b/zlib.c
242
@@ -81,0 +85,5 @@
+unsigned long git_deflate_bound(z_streamp strm, unsigned long size)
+{
+       return deflateBound(strm, size);
+}
+
If Git can’t figure out how to match a function or method in your programming language, you can
also provide it with a regular expression (or regex). For example, this would have done the same
thing as the example above: git log -L '/unsigned long git_deflate_bound/',/^}/:zlib.c. You
could also give it a range of lines or a single line number and you’ll get the same sort of output.
Rewriting History
Many times, when working with Git, you may want to revise your local commit history. One of the
great things about Git is that it allows you to make decisions at the last possible moment. You can
decide what files go into which commits right before you commit with the staging area, you can
decide that you didn’t mean to be working on something yet with git stash, and you can rewrite
commits that already happened so they look like they happened in a different way. This can involve
changing the order of the commits, changing messages or modifying files in a commit, squashing
together or splitting apart commits, or removing commits entirely — all before you share your
work with others.
In this section, you’ll see how to accomplish these tasks so that you can make your commit history
look the way you want before you share it with others.

Don’t push your work until you’re happy with it
One of the cardinal rules of Git is that, since so much work is local within your
clone, you have a great deal of freedom to rewrite your history locally. However,
once you push your work, it is a different story entirely, and you should consider
pushed work as final unless you have good reason to change it. In short, you
should avoid pushing your work until you’re happy with it and ready to share it
with the rest of the world.
Changing the Last Commit
Changing your most recent commit is probably the most common rewriting of history that you’ll
do. You’ll often want to do two basic things to your last commit: simply change the commit message,
or change the actual content of the commit by adding, removing and modifying files.
If you simply want to modify your last commit message, that’s easy:
$ git commit --amend
The command above loads the previous commit message into an editor session, where you can
make changes to the message, save those changes and exit. When you save and close the editor, the
243
editor writes a new commit containing that updated commit message and makes it your new last
commit.
If, on the other hand, you want to change the actual content of your last commit, the process works
basically the same way — first make the changes you think you forgot, stage those changes, and the
subsequent git commit --amend replaces that last commit with your new, improved commit.
You need to be careful with this technique because amending changes the SHA-1 of the commit. It’s
like a very small rebase — don’t amend your last commit if you’ve already pushed it.

An amended commit may (or may not) need an amended commit message
When you amend a commit, you have the opportunity to change both the commit
message and the content of the commit. If you amend the content of the commit
substantially, you should almost certainly update the commit message to reflect
that amended content.
On the other hand, if your amendments are suitably trivial (fixing a silly typo or
adding a file you forgot to stage) such that the earlier commit message is just fine,
you can simply make the changes, stage them, and avoid the unnecessary editor
session entirely with:
$ git commit --amend --no-edit
Changing Multiple Commit Messages
To modify a commit that is farther back in your history, you must move to more complex tools. Git
doesn’t have a modify-history tool, but you can use the rebase tool to rebase a series of commits
onto the HEAD that they were originally based on instead of moving them to another one. With the
interactive rebase tool, you can then stop after each commit you want to modify and change the
message, add files, or do whatever you wish. You can run rebase interactively by adding the -i
option to git rebase. You must indicate how far back you want to rewrite commits by telling the
command which commit to rebase onto.
For example, if you want to change the last three commit messages, or any of the commit messages
in that group, you supply as an argument to git rebase -i the parent of the last commit you want to
edit, which is HEAD~2^ or HEAD~3. It may be easier to remember the ~3 because you’re trying to edit
the last three commits, but keep in mind that you’re actually designating four commits ago, the
parent of the last commit you want to edit:
$ git rebase -i HEAD~3
Remember again that this is a rebasing command — every commit in the range HEAD~3..HEAD with a
changed message and all of its descendants will be rewritten. Don’t include any commit you’ve
already pushed to a central server — doing so will confuse other developers by providing an
alternate version of the same change.
244
Running this command gives you a list of commits in your text editor that looks something like this:
pick f7f3f6d Change my name a bit
pick 310154e Update README formatting and add blame
pick a5f4a0d Add cat-file
# Rebase 710f0f8..a5f4a0d onto 710f0f8
#
# Commands:
# p, pick <commit> = use commit
# r, reword <commit> = use commit, but edit the commit message
# e, edit <commit> = use commit, but stop for amending
# s, squash <commit> = use commit, but meld into previous commit
# f, fixup <commit> = like "squash", but discard this commit's log message
# x, exec <command> = run command (the rest of the line) using shell
# b, break = stop here (continue rebase later with 'git rebase --continue')
# d, drop <commit> = remove commit
# l, label <label> = label current HEAD with a name
# t, reset <label> = reset HEAD to a label
# m, merge [-C <commit> | -c <commit>] <label> [# <oneline>]
# .       create a merge commit using the original merge commit's
# .       message (or the oneline, if no original merge commit was
# .       specified). Use -c <commit> to reword the commit message.
#
# These lines can be re-ordered; they are executed from top to bottom.
#
# If you remove a line here THAT COMMIT WILL BE LOST.
#
# However, if you remove everything, the rebase will be aborted.
#
# Note that empty commits are commented out
It’s important to note that these commits are listed in the opposite order than you normally see
them using the log command. If you run a log, you see something like this:
$ git log --pretty=format:"%h %s" HEAD~3..HEAD
a5f4a0d Add cat-file
310154e Update README formatting and add blame
f7f3f6d Change my name a bit
Notice the reverse order. The interactive rebase gives you a script that it’s going to run. It will start
at the commit you specify on the command line (HEAD~3) and replay the changes introduced in each
of these commits from top to bottom. It lists the oldest at the top, rather than the newest, because
that’s the first one it will replay.
You need to edit the script so that it stops at the commit you want to edit. To do so, change the word
“pick” to the word “edit” for each of the commits you want the script to stop after. For example, to
modify only the third commit message, you change the file to look like this:
245
edit f7f3f6d Change my name a bit
pick 310154e Update README formatting and add blame
pick a5f4a0d Add cat-file
When you save and exit the editor, Git rewinds you back to the last commit in that list and drops
you on the command line with the following message:
$ git rebase -i HEAD~3
Stopped at f7f3f6d... Change my name a bit
You can amend the commit now, with
       git commit --amend
Once you're satisfied with your changes, run
       git rebase --continue
These instructions tell you exactly what to do. Type:
$ git commit --amend
Change the commit message, and exit the editor. Then, run:
$ git rebase --continue
This command will apply the other two commits automatically, and then you’re done. If you change
pick to edit on more lines, you can repeat these steps for each commit you change to edit. Each
time, Git will stop, let you amend the commit, and continue when you’re finished.
Reordering Commits
You can also use interactive rebases to reorder or remove commits entirely. If you want to remove
the “Add cat-file” commit and change the order in which the other two commits are introduced, you
can change the rebase script from this:
pick f7f3f6d Change my name a bit
pick 310154e Update README formatting and add blame
pick a5f4a0d Add cat-file
to this:
pick 310154e Update README formatting and add blame
pick f7f3f6d Change my name a bit
246
When you save and exit the editor, Git rewinds your branch to the parent of these commits, applies
310154e and then f7f3f6d, and then stops. You effectively change the order of those commits and
remove the “Add cat-file” commit completely.
Squashing Commits
It’s also possible to take a series of commits and squash them down into a single commit with the
interactive rebasing tool. The script puts helpful instructions in the rebase message:
#
# Commands:
# p, pick <commit> = use commit
# r, reword <commit> = use commit, but edit the commit message
# e, edit <commit> = use commit, but stop for amending
# s, squash <commit> = use commit, but meld into previous commit
# f, fixup <commit> = like "squash", but discard this commit's log message
# x, exec <command> = run command (the rest of the line) using shell
# b, break = stop here (continue rebase later with 'git rebase --continue')
# d, drop <commit> = remove commit
# l, label <label> = label current HEAD with a name
# t, reset <label> = reset HEAD to a label
# m, merge [-C <commit> | -c <commit>] <label> [# <oneline>]
# .       create a merge commit using the original merge commit's
# .       message (or the oneline, if no original merge commit was
# .       specified). Use -c <commit> to reword the commit message.
#
# These lines can be re-ordered; they are executed from top to bottom.
#
# If you remove a line here THAT COMMIT WILL BE LOST.
#
# However, if you remove everything, the rebase will be aborted.
#
# Note that empty commits are commented out
If, instead of “pick” or “edit”, you specify “squash”, Git applies both that change and the change
directly before it and makes you merge the commit messages together. So, if you want to make a
single commit from these three commits, you make the script look like this:
pick f7f3f6d Change my name a bit
squash 310154e Update README formatting and add blame
squash a5f4a0d Add cat-file
When you save and exit the editor, Git applies all three changes and then puts you back into the
editor to merge the three commit messages:
# This is a combination of 3 commits.
# The first commit's message is:
247
Change my name a bit
# This is the 2nd commit message:
Update README formatting and add blame
# This is the 3rd commit message:
Add cat-file
When you save that, you have a single commit that introduces the changes of all three previous
commits.
Splitting a Commit
Splitting a commit undoes a commit and then partially stages and commits as many times as
commits you want to end up with. For example, suppose you want to split the middle commit of
your three commits. Instead of “Update README formatting and add blame”, you want to split it
into two commits: “Update README formatting” for the first, and “Add blame” for the second. You
can do that in the rebase -i script by changing the instruction on the commit you want to split to
“edit”:
pick f7f3f6d Change my name a bit
edit 310154e Update README formatting and add blame
pick a5f4a0d Add cat-file
Then, when the script drops you to the command line, you reset that commit, take the changes that
have been reset, and create multiple commits out of them. When you save and exit the editor, Git
rewinds to the parent of the first commit in your list, applies the first commit (f7f3f6d), applies the
second (310154e), and drops you to the console. There, you can do a mixed reset of that commit with
git reset HEAD^, which effectively undoes that commit and leaves the modified files unstaged. Now
you can stage and commit files until you have several commits, and run git rebase --continue
when you’re done:
$ git reset HEAD^
$ git add README
$ git commit -m 'Update README formatting'
$ git add lib/simplegit.rb
$ git commit -m 'Add blame'
$ git rebase --continue
Git applies the last commit (a5f4a0d) in the script, and your history looks like this:
$ git log -4 --pretty=format:"%h %s"
1c002dd Add cat-file
9b29157 Add blame
248
35cfb2b Update README formatting
f7f3f6d Change my name a bit
This changes the SHA-1s of the three most recent commits in your list, so make sure no changed
commit shows up in that list that you’ve already pushed to a shared repository. Notice that the last
commit (f7f3f6d) in the list is unchanged. Despite this commit being shown in the script, because it
was marked as “pick” and was applied prior to any rebase changes, Git leaves the commit
unmodified.
Deleting a commit
If you want to get rid of a commit, you can delete it using the rebase -i script. In the list of commits,
put the word “drop” before the commit you want to delete (or just delete that line from the rebase
script):
pick 461cb2a This commit is OK
drop 5aecc10 This commit is broken
Because of the way Git builds commit objects, deleting or altering a commit will cause the rewriting
of all the commits that follow it. The further back in your repo’s history you go, the more commits
will need to be recreated. This can cause lots of merge conflicts if you have many commits later in
the sequence that depend on the one you just deleted.
If you get partway through a rebase like this and decide it’s not a good idea, you can always stop.
Type git rebase --abort, and your repo will be returned to the state it was in before you started the
rebase.
If you finish a rebase and decide it’s not what you want, you can use git reflog to recover an
earlier version of your branch. See Data Recovery for more information on the reflog command.

Drew DeVault made a practical hands-on guide with exercises to learn how to use
git rebase. You can find it at: https://git-rebase.io/
The Nuclear Option: filter-branch
There is another history-rewriting option that you can use if you need to rewrite a larger number of
commits in some scriptable way — for instance, changing your email address globally or removing
a file from every commit. The command is filter-branch, and it can rewrite huge swaths of your
history, so you probably shouldn’t use it unless your project isn’t yet public and other people
haven’t based work off the commits you’re about to rewrite. However, it can be very useful. You’ll
learn a few of the common uses so you can get an idea of some of the things it’s capable of.

git filter-branch has many pitfalls, and is no longer the recommended way to
rewrite history. Instead, consider using git-filter-repo, which is a Python script
that does a better job for most applications where you would normally turn to
filter-branch. 
Its 
documentation 
and 
source 
code 
can 
be 
found 
at
https://github.com/newren/git-filter-repo.
249
Removing a File from Every Commit
This occurs fairly commonly. Someone accidentally commits a huge binary file with a thoughtless
git add ., and you want to remove it everywhere. Perhaps you accidentally committed a file that
contained a password, and you want to make your project open source. filter-branch is the tool
you probably want to use to scrub your entire history. To remove a file named passwords.txt from
your entire history, you can use the --tree-filter option to filter-branch:
$ git filter-branch --tree-filter 'rm -f passwords.txt' HEAD
Rewrite 6b9b3cf04e7c5686a9cb838c3f36a8cb6a0fc2bd (21/21)
Ref 'refs/heads/master' was rewritten
The --tree-filter option runs the specified command after each checkout of the project and then
recommits the results. In this case, you remove a file called passwords.txt from every snapshot,
whether it exists or not. If you want to remove all accidentally committed editor backup files, you
can run something like git filter-branch --tree-filter 'rm -f *~' HEAD.
You’ll be able to watch Git rewriting trees and commits and then move the branch pointer at the
end. It’s generally a good idea to do this in a testing branch and then hard-reset your master branch
after you’ve determined the outcome is what you really want. To run filter-branch on all your
branches, you can pass --all to the command.
Making a Subdirectory the New Root
Suppose you’ve done an import from another source control system and have subdirectories that
make no sense (trunk, tags, and so on). If you want to make the trunk subdirectory be the new
project root for every commit, filter-branch can help you do that, too:
$ git filter-branch --subdirectory-filter trunk HEAD
Rewrite 856f0bf61e41a27326cdae8f09fe708d679f596f (12/12)
Ref 'refs/heads/master' was rewritten
Now your new project root is what was in the trunk subdirectory each time. Git will also
automatically remove commits that did not affect the subdirectory.
Changing Email Addresses Globally
Another common case is that you forgot to run git config to set your name and email address
before you started working, or perhaps you want to open-source a project at work and change all
your work email addresses to your personal address. In any case, you can change email addresses
in multiple commits in a batch with filter-branch as well. You need to be careful to change only the
email addresses that are yours, so you use --commit-filter:
$ git filter-branch --commit-filter '
        if [ "$GIT_AUTHOR_EMAIL" = "schacon@localhost" ];
        then
                GIT_AUTHOR_NAME="Scott Chacon";
250
                GIT_AUTHOR_EMAIL="schacon@example.com";
                git commit-tree "$@";
        else
                git commit-tree "$@";
        fi' HEAD
This goes through and rewrites every commit to have your new address. Because commits contain
the SHA-1 values of their parents, this command changes every commit SHA-1 in your history, not
just those that have the matching email address.
Reset Demystified
Before moving on to more specialized tools, let’s talk about the Git reset and checkout commands.
These commands are two of the most confusing parts of Git when you first encounter them. They
do so many things that it seems hopeless to actually understand them and employ them properly.
For this, we recommend a simple metaphor.
The Three Trees
An easier way to think about reset and checkout is through the mental frame of Git being a content
manager of three different trees. By “tree” here, we really mean “collection of files”, not specifically
the data structure. There are a few cases where the index doesn’t exactly act like a tree, but for our
purposes it is easier to think about it this way for now.
Git as a system manages and manipulates three trees in its normal operation:
Tree
Role
HEAD
Last commit snapshot, next parent
Index
Proposed next commit snapshot
Working Directory
Sandbox
The HEAD
HEAD is the pointer to the current branch reference, which is in turn a pointer to the last commit
made on that branch. That means HEAD will be the parent of the next commit that is created. It’s
generally simplest to think of HEAD as the snapshot of your last commit on that branch.
In fact, it’s pretty easy to see what that snapshot looks like. Here is an example of getting the actual
directory listing and SHA-1 checksums for each file in the HEAD snapshot:
$ git cat-file -p HEAD
tree cfda3bf379e4f8dba8717dee55aab78aef7f4daf
author Scott Chacon  1301511835 -0700
committer Scott Chacon  1301511835 -0700
initial commit
251
$ git ls-tree -r HEAD
100644 blob a906cb2a4a904a152...   README
100644 blob 8f94139338f9404f2...   Rakefile
040000 tree 99f1a6d12cb4b6f19...   lib
The Git cat-file and ls-tree commands are “plumbing” commands that are used for lower level
things and not really used in day-to-day work, but they help us see what’s going on here.
The Index
The index is your proposed next commit. We’ve also been referring to this concept as Git’s “Staging
Area” as this is what Git looks at when you run git commit.
Git populates this index with a list of all the file contents that were last checked out into your
working directory and what they looked like when they were originally checked out. You then
replace some of those files with new versions of them, and git commit converts that into the tree for
a new commit.
$ git ls-files -s
100644 a906cb2a4a904a152e80877d4088654daad0c859 0   README
100644 8f94139338f9404f26296befa88755fc2598c289 0   Rakefile
100644 47c6340d6459e05787f644c2447d2595f5d3a54b 0   lib/simplegit.rb
Again, here we’re using git ls-files, which is more of a behind the scenes command that shows
you what your index currently looks like.
The index is not technically a tree structure — it’s actually implemented as a flattened
manifest — but for our purposes it’s close enough.
The Working Directory
Finally, you have your working directory (also commonly referred to as the “working tree”). The
other two trees store their content in an efficient but inconvenient manner, inside the .git folder.
The working directory unpacks them into actual files, which makes it much easier for you to edit
them. Think of the working directory as a sandbox, where you can try changes out before
committing them to your staging area (index) and then to history.
$ tree
.
├── README
├── Rakefile
└── lib
    └── simplegit.rb
1 directory, 3 files
252
The Workflow
Git’s typical workflow is to record snapshots of your project in successively better states, by
manipulating these three trees.
Figure 137. Git’s typical workflow
Let’s visualize this process: say you go into a new directory with a single file in it. We’ll call this v1
of the file, and we’ll indicate it in blue. Now we run git init, which will create a Git repository with
a HEAD reference which points to the unborn master branch.
253
Figure 138. Newly-initialized Git repository with unstaged file in the working directory
At this point, only the working directory tree has any content.
Now we want to commit this file, so we use git add to take content in the working directory and
copy it to the index.
254
Figure 139. File is copied to index on git add
Then we run git commit, which takes the contents of the index and saves it as a permanent
snapshot, creates a commit object which points to that snapshot, and updates master to point to that
commit.
255
Figure 140. The git commit step
If we run git status, we’ll see no changes, because all three trees are the same.
Now we want to make a change to that file and commit it. We’ll go through the same process; first,
we change the file in our working directory. Let’s call this v2 of the file, and indicate it in red.
256
Figure 141. Git repository with changed file in the working directory
If we run git status right now, we’ll see the file in red as “Changes not staged for commit”, because
that entry differs between the index and the working directory. Next we run git add on it to stage it
into our index.
257
Figure 142. Staging change to index
At this point, if we run git status, we will see the file in green under “Changes to be committed”
because the index and HEAD differ — that is, our proposed next commit is now different from our
last commit. Finally, we run git commit to finalize the commit.
258
Figure 143. The git commit step with changed file
Now git status will give us no output, because all three trees are the same again.
Switching branches or cloning goes through a similar process. When you checkout a branch, it
changes HEAD to point to the new branch ref, populates your index with the snapshot of that
commit, then copies the contents of the index into your working directory.
The Role of Reset
The reset command makes more sense when viewed in this context.
For the purposes of these examples, let’s say that we’ve modified file.txt again and committed it a
third time. So now our history looks like this:
259
Figure 144. Git repository with three commits
Let’s now walk through exactly what reset does when you call it. It directly manipulates these three
trees in a simple and predictable way. It does up to three basic operations.
Step 1: Move HEAD
The first thing reset will do is move what HEAD points to. This isn’t the same as changing HEAD
itself (which is what checkout does); reset moves the branch that HEAD is pointing to. This means if
HEAD is set to the master branch (i.e. you’re currently on the master branch), running git reset
9e5e6a4 will start by making master point to 9e5e6a4.
260
Figure 145. Soft reset
No matter what form of reset with a commit you invoke, this is the first thing it will always try to
do. With reset --soft, it will simply stop there.
Now take a second to look at that diagram and realize what happened: it essentially undid the last
git commit command. When you run git commit, Git creates a new commit and moves the branch
that HEAD points to up to it. When you reset back to HEAD~ (the parent of HEAD), you are moving
the branch back to where it was, without changing the index or working directory. You could now
update the index and run git commit again to accomplish what git commit --amend would have done
(see Changing the Last Commit).
Step 2: Updating the Index (--mixed)
Note that if you run git status now you’ll see in green the difference between the index and what
the new HEAD is.
The next thing reset will do is to update the index with the contents of whatever snapshot HEAD
now points to.
261
Figure 146. Mixed reset
If you specify the --mixed option, reset will stop at this point. This is also the default, so if you
specify no option at all (just git reset HEAD~ in this case), this is where the command will stop.
Now take another second to look at that diagram and realize what happened: it still undid your last
commit, but also unstaged everything. You rolled back to before you ran all your git add and git
commit commands.
Step 3: Updating the Working Directory (--hard)
The third thing that reset will do is to make the working directory look like the index. If you use the
--hard option, it will continue to this stage.
262
Figure 147. Hard reset
So let’s think about what just happened. You undid your last commit, the git add and git commit
commands, and all the work you did in your working directory.
It’s important to note that this flag (--hard) is the only way to make the reset command dangerous,
and one of the very few cases where Git will actually destroy data. Any other invocation of reset
can be pretty easily undone, but the --hard option cannot, since it forcibly overwrites files in the
working directory. In this particular case, we still have the v3 version of our file in a commit in our
Git DB, and we could get it back by looking at our reflog, but if we had not committed it, Git still
would have overwritten the file and it would be unrecoverable.
Recap
The reset command overwrites these three trees in a specific order, stopping when you tell it to:
1. Move the branch HEAD points to (stop here if --soft).
2. Make the index look like HEAD (stop here unless --hard).
3. Make the working directory look like the index.
263
Reset With a Path
That covers the behavior of reset in its basic form, but you can also provide it with a path to act
upon. If you specify a path, reset will skip step 1, and limit the remainder of its actions to a specific
file or set of files. This actually sort of makes sense — HEAD is just a pointer, and you can’t point to
part of one commit and part of another. But the index and working directory can be partially
updated, so reset proceeds with steps 2 and 3.
So, assume we run git reset file.txt. This form (since you did not specify a commit SHA-1 or
branch, and you didn’t specify --soft or --hard) is shorthand for git reset --mixed HEAD file.txt,
which will:
1. Move the branch HEAD points to (skipped).
2. Make the index look like HEAD (stop here).
So it essentially just copies file.txt from HEAD to the index.
Figure 148. Mixed reset with a path
This has the practical effect of unstaging the file. If we look at the diagram for that command and
think about what git add does, they are exact opposites.
264
Figure 149. Staging file to index
This is why the output of the git status command suggests that you run this to unstage a file (see
Unstaging a Staged File for more on this).
We could just as easily not let Git assume we meant “pull the data from HEAD” by specifying a
specific commit to pull that file version from. We would just run something like git reset eb43bf
file.txt.
265
Figure 150. Soft reset with a path to a specific commit
This effectively does the same thing as if we had reverted the content of the file to v1 in the
working directory, ran git add on it, then reverted it back to v3 again (without actually going
through all those steps). If we run git commit now, it will record a change that reverts that file back
to v1, even though we never actually had it in our working directory again.
It’s also interesting to note that like git add, the reset command will accept a --patch option to
unstage content on a hunk-by-hunk basis. So you can selectively unstage or revert content.
Squashing
Let’s look at how to do something interesting with this newfound power — squashing commits.
Say you have a series of commits with messages like “oops.”, “WIP” and “forgot this file”. You can
use reset to quickly and easily squash them into a single commit that makes you look really smart.
Squashing Commits shows another way to do this, but in this example it’s simpler to use reset.
Let’s say you have a project where the first commit has one file, the second commit added a new
file and changed the first, and the third commit changed the first file again. The second commit was
a work in progress and you want to squash it down.
266
Figure 151. Git repository
You can run git reset --soft HEAD~2 to move the HEAD branch back to an older commit (the most
recent commit you want to keep):
267
Figure 152. Moving HEAD with soft reset
And then simply run git commit again:
268
Figure 153. Git repository with squashed commit
Now you can see that your reachable history, the history you would push, now looks like you had
one commit with file-a.txt v1, then a second that both modified file-a.txt to v3 and added file-
b.txt. The commit with the v2 version of the file is no longer in the history.
Check It Out
Finally, you may wonder what the difference between checkout and reset is. Like reset, checkout
manipulates the three trees, and it is a bit different depending on whether you give the command a
file path or not.
269
Without Paths
Running git checkout [branch] is pretty similar to running git reset --hard [branch] in that it
updates all three trees for you to look like [branch], but there are two important differences.
First, unlike reset --hard, checkout is working-directory safe; it will check to make sure it’s not
blowing away files that have changes to them. Actually, it’s a bit smarter than that — it tries to do a
trivial merge in the working directory, so all of the files you haven’t changed will be updated. reset
--hard, on the other hand, will simply replace everything across the board without checking.
The second important difference is how checkout updates HEAD. Whereas reset will move the
branch that HEAD points to, checkout will move HEAD itself to point to another branch.
For instance, say we have master and develop branches which point at different commits, and we’re
currently on develop (so HEAD points to it). If we run git reset master, develop itself will now point
to the same commit that master does. If we instead run git checkout master, develop does not move,
HEAD itself does. HEAD will now point to master.
So, in both cases we’re moving HEAD to point to commit A, but how we do so is very different. reset
will move the branch HEAD points to, checkout moves HEAD itself.
Figure 154. git checkout and git reset
270
With Paths
The other way to run checkout is with a file path, which, like reset, does not move HEAD. It is just
like git reset [branch] file in that it updates the index with that file at that commit, but it also
overwrites the file in the working directory. It would be exactly like git reset --hard [branch] file
(if reset would let you run that) — it’s not working-directory safe, and it does not move HEAD.
Also, like git reset and git add, checkout will accept a --patch option to allow you to selectively
revert file contents on a hunk-by-hunk basis.
Summary
Hopefully now you understand and feel more comfortable with the reset command, but are
probably still a little confused about how exactly it differs from checkout and could not possibly
remember all the rules of the different invocations.
Here’s a cheat-sheet for which commands affect which trees. The “HEAD” column reads “REF” if
that command moves the reference (branch) that HEAD points to, and “HEAD” if it moves HEAD
itself. Pay especial attention to the 'WD Safe?' column — if it says NO, take a second to think before
running that command.
HEAD
Index
Workdir
WD Safe?
Commit Level
reset --soft [commit]
REF
NO
NO
YES
reset [commit]
REF
YES
NO
YES
reset --hard [commit]
REF
YES
YES
NO
checkout <commit>
HEAD
YES
YES
YES
File Level
reset [commit] <paths>
NO
YES
NO
YES
checkout [commit] <paths>
NO
YES
YES
NO
Advanced Merging
Merging in Git is typically fairly easy. Since Git makes it easy to merge another branch multiple
times, it means that you can have a very long lived branch but you can keep it up to date as you go,
solving small conflicts often, rather than be surprised by one enormous conflict at the end of the
series.
However, sometimes tricky conflicts do occur. Unlike some other version control systems, Git does
not try to be overly clever about merge conflict resolution. Git’s philosophy is to be smart about
determining when a merge resolution is unambiguous, but if there is a conflict, it does not try to be
clever about automatically resolving it. Therefore, if you wait too long to merge two branches that
diverge quickly, you can run into some issues.
In this section, we’ll go over what some of those issues might be and what tools Git gives you to help
handle these more tricky situations. We’ll also cover some of the different, non-standard types of
271
merges you can do, as well as see how to back out of merges that you’ve done.
Merge Conflicts
While we covered some basics on resolving merge conflicts in Basic Merge Conflicts, for more
complex conflicts, Git provides a few tools to help you figure out what’s going on and how to better
deal with the conflict.
First of all, if at all possible, try to make sure your working directory is clean before doing a merge
that may have conflicts. If you have work in progress, either commit it to a temporary branch or
stash it. This makes it so that you can undo anything you try here. If you have unsaved changes in
your working directory when you try a merge, some of these tips may help you preserve that work.
Let’s walk through a very simple example. We have a super simple Ruby file that prints 'hello
world'.
#! /usr/bin/env ruby
def hello
  puts 'hello world'
end
hello()
In our repository, we create a new branch named whitespace and proceed to change all the Unix
line endings to DOS line endings, essentially changing every line of the file, but just with
whitespace. Then we change the line “hello world” to “hello mundo”.
$ git checkout -b whitespace
Switched to a new branch 'whitespace'
$ unix2dos hello.rb
unix2dos: converting file hello.rb to DOS format ...
$ git commit -am 'Convert hello.rb to DOS'
[whitespace 3270f76] Convert hello.rb to DOS
 1 file changed, 7 insertions(+), 7 deletions(-)
$ vim hello.rb
$ git diff -b
diff --git a/hello.rb b/hello.rb
index ac51efd..e85207e 100755
--- a/hello.rb
+++ b/hello.rb
@@ -1,7 +1,7 @@
 #! /usr/bin/env ruby
 def hello
-  puts 'hello world'
+  puts 'hello mundo'^M
272
 end
 hello()
$ git commit -am 'Use Spanish instead of English'
[whitespace 6d338d2] Use Spanish instead of English
 1 file changed, 1 insertion(+), 1 deletion(-)
Now we switch back to our master branch and add some documentation for the function.
$ git checkout master
Switched to branch 'master'
$ vim hello.rb
$ git diff
diff --git a/hello.rb b/hello.rb
index ac51efd..36c06c8 100755
--- a/hello.rb
+++ b/hello.rb
@@ -1,5 +1,6 @@
 #! /usr/bin/env ruby
+# prints out a greeting
 def hello
   puts 'hello world'
 end
$ git commit -am 'Add comment documenting the function'
[master bec6336] Add comment documenting the function
 1 file changed, 1 insertion(+)
Now we try to merge in our whitespace branch and we’ll get conflicts because of the whitespace
changes.
$ git merge whitespace
Auto-merging hello.rb
CONFLICT (content): Merge conflict in hello.rb
Automatic merge failed; fix conflicts and then commit the result.
Aborting a Merge
We now have a few options. First, let’s cover how to get out of this situation. If you perhaps weren’t
expecting conflicts and don’t want to quite deal with the situation yet, you can simply back out of
the merge with git merge --abort.
$ git status -sb
## master
273
UU hello.rb
$ git merge --abort
$ git status -sb
## master
The git merge --abort option tries to revert back to your state before you ran the merge. The only
cases where it may not be able to do this perfectly would be if you had unstashed, uncommitted
changes in your working directory when you ran it, otherwise it should work fine.
If for some reason you just want to start over, you can also run git reset --hard HEAD, and your
repository will be back to the last committed state. Remember that any uncommitted work will be
lost, so make sure you don’t want any of your changes.
Ignoring Whitespace
In this specific case, the conflicts are whitespace related. We know this because the case is simple,
but it’s also pretty easy to tell in real cases when looking at the conflict because every line is
removed on one side and added again on the other. By default, Git sees all of these lines as being
changed, so it can’t merge the files.
The default merge strategy can take arguments though, and a few of them are about properly
ignoring whitespace changes. If you see that you have a lot of whitespace issues in a merge, you can
simply abort it and do it again, this time with -Xignore-all-space or -Xignore-space-change. The first
option ignores whitespace completely when comparing lines, the second treats sequences of one or
more whitespace characters as equivalent.
$ git merge -Xignore-space-change whitespace
Auto-merging hello.rb
Merge made by the 'recursive' strategy.
 hello.rb | 2 +-
 1 file changed, 1 insertion(+), 1 deletion(-)
Since in this case, the actual file changes were not conflicting, once we ignore the whitespace
changes, everything merges just fine.
This is a lifesaver if you have someone on your team who likes to occasionally reformat everything
from spaces to tabs or vice-versa.
Manual File Re-merging
Though Git handles whitespace pre-processing pretty well, there are other types of changes that
perhaps Git can’t handle automatically, but are scriptable fixes. As an example, let’s pretend that Git
could not handle the whitespace change and we needed to do it by hand.
What we really need to do is run the file we’re trying to merge in through a dos2unix program
before trying the actual file merge. So how would we do that?
274
First, we get into the merge conflict state. Then we want to get copies of our version of the file, their
version (from the branch we’re merging in) and the common version (from where both sides
branched off). Then we want to fix up either their side or our side and re-try the merge again for
just this single file.
Getting the three file versions is actually pretty easy. Git stores all of these versions in the index
under “stages” which each have numbers associated with them. Stage 1 is the common ancestor,
stage 2 is your version and stage 3 is from the MERGE_HEAD, the version you’re merging in (“theirs”).
You can extract a copy of each of these versions of the conflicted file with the git show command
and a special syntax.
$ git show :1:hello.rb > hello.common.rb
$ git show :2:hello.rb > hello.ours.rb
$ git show :3:hello.rb > hello.theirs.rb
If you want to get a little more hard core, you can also use the ls-files -u plumbing command to
get the actual SHA-1s of the Git blobs for each of these files.
$ git ls-files -u
100755 ac51efdc3df4f4fd328d1a02ad05331d8e2c9111 1   hello.rb
100755 36c06c8752c78d2aff89571132f3bf7841a7b5c3 2   hello.rb
100755 e85207e04dfdd5eb0a1e9febbc67fd837c44a1cd 3   hello.rb
The :1:hello.rb is just a shorthand for looking up that blob SHA-1.
Now that we have the content of all three stages in our working directory, we can manually fix up
theirs to fix the whitespace issue and re-merge the file with the little-known git merge-file
command which does just that.
$ dos2unix hello.theirs.rb
dos2unix: converting file hello.theirs.rb to Unix format ...
$ git merge-file -p \
    hello.ours.rb hello.common.rb hello.theirs.rb > hello.rb
$ git diff -b
diff --cc hello.rb
index 36c06c8,e85207e..0000000
--- a/hello.rb
+++ b/hello.rb
@@@ -1,8 -1,7 +1,8 @@@
  #! /usr/bin/env ruby
 +# prints out a greeting
  def hello
-   puts 'hello world'
+   puts 'hello mundo'
275
  end
  hello()
At this point we have nicely merged the file. In fact, this actually works better than the ignore-
space-change option because this actually fixes the whitespace changes before merge instead of
simply ignoring them. In the ignore-space-change merge, we actually ended up with a few lines with
DOS line endings, making things mixed.
If you want to get an idea before finalizing this commit about what was actually changed between
one side or the other, you can ask git diff to compare what is in your working directory that
you’re about to commit as the result of the merge to any of these stages. Let’s go through them all.
To compare your result to what you had in your branch before the merge, in other words, to see
what the merge introduced, you can run git diff --ours:
$ git diff --ours
* Unmerged path hello.rb
diff --git a/hello.rb b/hello.rb
index 36c06c8..44d0a25 100755
--- a/hello.rb
+++ b/hello.rb
@@ -2,7 +2,7 @@
 # prints out a greeting
 def hello
-  puts 'hello world'
+  puts 'hello mundo'
 end
 hello()
So here we can easily see that what happened in our branch, what we’re actually introducing to
this file with this merge, is changing that single line.
If we want to see how the result of the merge differed from what was on their side, you can run git
diff --theirs. In this and the following example, we have to use -b to strip out the whitespace
because we’re comparing it to what is in Git, not our cleaned up hello.theirs.rb file.
$ git diff --theirs -b
* Unmerged path hello.rb
diff --git a/hello.rb b/hello.rb
index e85207e..44d0a25 100755
--- a/hello.rb
+++ b/hello.rb
@@ -1,5 +1,6 @@
 #! /usr/bin/env ruby
276
+# prints out a greeting
 def hello
   puts 'hello mundo'
 end
Finally, you can see how the file has changed from both sides with git diff --base.
$ git diff --base -b
* Unmerged path hello.rb
diff --git a/hello.rb b/hello.rb
index ac51efd..44d0a25 100755
--- a/hello.rb
+++ b/hello.rb
@@ -1,7 +1,8 @@
 #! /usr/bin/env ruby
+# prints out a greeting
 def hello
-  puts 'hello world'
+  puts 'hello mundo'
 end
 hello()
At this point we can use the git clean command to clear out the extra files we created to do the
manual merge but no longer need.
$ git clean -f
Removing hello.common.rb
Removing hello.ours.rb
Removing hello.theirs.rb
Checking Out Conflicts
Perhaps we’re not happy with the resolution at this point for some reason, or maybe manually
editing one or both sides still didn’t work well and we need more context.
Let’s change up the example a little. For this example, we have two longer lived branches that each
have a few commits in them but create a legitimate content conflict when merged.
$ git log --graph --oneline --decorate --all
* f1270f7 (HEAD, master) Update README
* 9af9d3b Create README
* 694971d Update phrase to 'hola world'
| * e3eb223 (mundo) Add more tests
| * 7cff591 Create initial testing script
| * c3ffff1 Change text to 'hello mundo'
277
|/
* b7dcc89 Initial hello world code
We now have three unique commits that live only on the master branch and three others that live
on the mundo branch. If we try to merge the mundo branch in, we get a conflict.
$ git merge mundo
Auto-merging hello.rb
CONFLICT (content): Merge conflict in hello.rb
Automatic merge failed; fix conflicts and then commit the result.
We would like to see what the merge conflict is. If we open up the file, we’ll see something like this:
#! /usr/bin/env ruby
def hello
<<<<<<< HEAD
  puts 'hola world'
=======
  puts 'hello mundo'
>>>>>>> mundo
end
hello()
Both sides of the merge added content to this file, but some of the commits modified the file in the
same place that caused this conflict.
Let’s explore a couple of tools that you now have at your disposal to determine how this conflict
came to be. Perhaps it’s not obvious how exactly you should fix this conflict. You need more
context.
One helpful tool is git checkout with the --conflict option. This will re-checkout the file again and
replace the merge conflict markers. This can be useful if you want to reset the markers and try to
resolve them again.
You can pass --conflict either diff3 or merge (which is the default). If you pass it diff3, Git will use
a slightly different version of conflict markers, not only giving you the “ours” and “theirs” versions,
but also the “base” version inline to give you more context.
$ git checkout --conflict=diff3 hello.rb
Once we run that, the file will look like this instead:
#! /usr/bin/env ruby
278
def hello
<<<<<<< ours
  puts 'hola world'
||||||| base
  puts 'hello world'
=======
  puts 'hello mundo'
>>>>>>> theirs
end
hello()
If you like this format, you can set it as the default for future merge conflicts by setting the
merge.conflictstyle setting to diff3.
$ git config --global merge.conflictstyle diff3
The git checkout command can also take --ours and --theirs options, which can be a really fast
way of just choosing either one side or the other without merging things at all.
This can be particularly useful for conflicts of binary files where you can simply choose one side, or
where you only want to merge certain files in from another branch — you can do the merge and
then checkout certain files from one side or the other before committing.
Merge Log
Another useful tool when resolving merge conflicts is git log. This can help you get context on
what may have contributed to the conflicts. Reviewing a little bit of history to remember why two
lines of development were touching the same area of code can be really helpful sometimes.
To get a full list of all of the unique commits that were included in either branch involved in this
merge, we can use the “triple dot” syntax that we learned in Triple Dot.
$ git log --oneline --left-right HEAD...MERGE_HEAD
< f1270f7 Update README
< 9af9d3b Create README
< 694971d Update phrase to 'hola world'
> e3eb223 Add more tests
> 7cff591 Create initial testing script
> c3ffff1 Change text to 'hello mundo'
That’s a nice list of the six total commits involved, as well as which line of development each
commit was on.
We can further simplify this though to give us much more specific context. If we add the --merge
option to git log, it will only show the commits in either side of the merge that touch a file that’s
currently conflicted.
279
$ git log --oneline --left-right --merge
< 694971d Update phrase to 'hola world'
> c3ffff1 Change text to 'hello mundo'
If you run that with the -p option instead, you get just the diffs to the file that ended up in conflict.
This can be really helpful in quickly giving you the context you need to help understand why
something conflicts and how to more intelligently resolve it.
Combined Diff Format
Since Git stages any merge results that are successful, when you run git diff while in a conflicted
merge state, you only get what is currently still in conflict. This can be helpful to see what you still
have to resolve.
When you run git diff directly after a merge conflict, it will give you information in a rather
unique diff output format.
$ git diff
diff --cc hello.rb
index 0399cd5,59727f0..0000000
--- a/hello.rb
+++ b/hello.rb
@@@ -1,7 -1,7 +1,11 @@@
  #! /usr/bin/env ruby
  def hello
++<<<<<<< HEAD
 +  puts 'hola world'
++=======
+   puts 'hello mundo'
++>>>>>>> mundo
  end
  hello()
The format is called “Combined Diff” and gives you two columns of data next to each line. The first
column shows you if that line is different (added or removed) between the “ours” branch and the
file in your working directory and the second column does the same between the “theirs” branch
and your working directory copy.
So in that example you can see that the <<<<<<< and >>>>>>> lines are in the working copy but were
not in either side of the merge. This makes sense because the merge tool stuck them in there for our
context, but we’re expected to remove them.
If we resolve the conflict and run git diff again, we’ll see the same thing, but it’s a little more
useful.
$ vim hello.rb
280
$ git diff
diff --cc hello.rb
index 0399cd5,59727f0..0000000
--- a/hello.rb
+++ b/hello.rb
@@@ -1,7 -1,7 +1,7 @@@
  #! /usr/bin/env ruby
  def hello
-   puts 'hola world'
 -  puts 'hello mundo'
++  puts 'hola mundo'
  end
  hello()
This shows us that “hola world” was in our side but not in the working copy, that “hello mundo”
was in their side but not in the working copy and finally that “hola mundo” was not in either side
but is now in the working copy. This can be useful to review before committing the resolution.
You can also get this from the git log for any merge to see how something was resolved after the
fact. Git will output this format if you run git show on a merge commit, or if you add a --cc option
to a git log -p (which by default only shows patches for non-merge commits).
$ git log --cc -p -1
commit 14f41939956d80b9e17bb8721354c33f8d5b5a79
Merge: f1270f7 e3eb223
Author: Scott Chacon <schacon@gmail.com>
Date:   Fri Sep 19 18:14:49 2014 +0200
    Merge branch 'mundo'
    Conflicts:
        hello.rb
diff --cc hello.rb
index 0399cd5,59727f0..e1d0799
--- a/hello.rb
+++ b/hello.rb
@@@ -1,7 -1,7 +1,7 @@@
  #! /usr/bin/env ruby
  def hello
-   puts 'hola world'
 -  puts 'hello mundo'
++  puts 'hola mundo'
  end
  hello()
281
Undoing Merges
Now that you know how to create a merge commit, you’ll probably make some by mistake. One of
the great things about working with Git is that it’s okay to make mistakes, because it’s possible (and
in many cases easy) to fix them.
Merge commits are no different. Let’s say you started work on a topic branch, accidentally merged
it into master, and now your commit history looks like this:
Figure 155. Accidental merge commit
There are two ways to approach this problem, depending on what your desired outcome is.
Fix the references
If the unwanted merge commit only exists on your local repository, the easiest and best solution is
to move the branches so that they point where you want them to. In most cases, if you follow the
errant git merge with git reset --hard HEAD~, this will reset the branch pointers so they look like
this:
282
Figure 156. History after git reset --hard HEAD~
We covered reset back in Reset Demystified, so it shouldn’t be too hard to figure out what’s going
on here. Here’s a quick refresher: reset --hard usually goes through three steps:
1. Move the branch HEAD points to. In this case, we want to move master to where it was before
the merge commit (C6).
2. Make the index look like HEAD.
3. Make the working directory look like the index.
The downside of this approach is that it’s rewriting history, which can be problematic with a shared
repository. Check out The Perils of Rebasing for more on what can happen; the short version is that
if other people have the commits you’re rewriting, you should probably avoid reset. This approach
also won’t work if any other commits have been created since the merge; moving the refs would
effectively lose those changes.
Reverse the commit
If moving the branch pointers around isn’t going to work for you, Git gives you the option of
making a new commit which undoes all the changes from an existing one. Git calls this operation a
“revert”, and in this particular scenario, you’d invoke it like this:
$ git revert -m 1 HEAD
[master b1d8379] Revert "Merge branch 'topic'"
The -m 1 flag indicates which parent is the “mainline” and should be kept. When you invoke a
merge into HEAD (git merge topic), the new commit has two parents: the first one is HEAD (C6), and
the second is the tip of the branch being merged in (C4). In this case, we want to undo all the
changes introduced by merging in parent #2 (C4), while keeping all the content from parent #1 (C6).
The history with the revert commit looks like this:
283
Figure 157. History after git revert -m 1
The new commit ^M has exactly the same contents as C6, so starting from here it’s as if the merge
never happened, except that the now-unmerged commits are still in HEAD’s history. Git will get
confused if you try to merge topic into master again:
$ git merge topic
Already up-to-date.
There’s nothing in topic that isn’t already reachable from master. What’s worse, if you add work to
topic and merge again, Git will only bring in the changes since the reverted merge:
Figure 158. History with a bad merge
The best way around this is to un-revert the original merge, since now you want to bring in the
changes that were reverted out, then create a new merge commit:
$ git revert ^M
[master 09f0126] Revert "Revert "Merge branch 'topic'""
$ git merge topic
284
Figure 159. History after re-merging a reverted merge
In this example, M and ^M cancel out. ^^M effectively merges in the changes from C3 and C4, and C8
merges in the changes from C7, so now topic is fully merged.
Other Types of Merges
So far we’ve covered the normal merge of two branches, normally handled with what is called the
“recursive” strategy of merging. There are other ways to merge branches together however. Let’s
cover a few of them quickly.
Our or Theirs Preference
First of all, there is another useful thing we can do with the normal “recursive” mode of merging.
We’ve already seen the ignore-all-space and ignore-space-change options which are passed with a
-X but we can also tell Git to favor one side or the other when it sees a conflict.
By default, when Git sees a conflict between two branches being merged, it will add merge conflict
markers into your code and mark the file as conflicted and let you resolve it. If you would prefer
for Git to simply choose a specific side and ignore the other side instead of letting you manually
resolve the conflict, you can pass the merge command either a -Xours or -Xtheirs.
If Git sees this, it will not add conflict markers. Any differences that are mergeable, it will merge.
Any differences that conflict, it will simply choose the side you specify in whole, including binary
files.
If we go back to the “hello world” example we were using before, we can see that merging in our
branch causes conflicts.
$ git merge mundo
Auto-merging hello.rb
CONFLICT (content): Merge conflict in hello.rb
Resolved 'hello.rb' using previous resolution.
Automatic merge failed; fix conflicts and then commit the result.
However if we run it with -Xours or -Xtheirs it does not.
$ git merge -Xours mundo
Auto-merging hello.rb
285
Merge made by the 'recursive' strategy.
 hello.rb | 2 +-
 test.sh  | 2 ++
 2 files changed, 3 insertions(+), 1 deletion(-)
 create mode 100644 test.sh
In that case, instead of getting conflict markers in the file with “hello mundo” on one side and “hola
world” on the other, it will simply pick “hola world”. However, all the other non-conflicting changes
on that branch are merged successfully in.
This option can also be passed to the git merge-file command we saw earlier by running
something like git merge-file --ours for individual file merges.
If you want to do something like this but not have Git even try to merge changes from the other side
in, there is a more draconian option, which is the “ours” merge strategy. This is different from the
“ours” recursive merge option.
This will basically do a fake merge. It will record a new merge commit with both branches as
parents, but it will not even look at the branch you’re merging in. It will simply record as the result
of the merge the exact code in your current branch.
$ git merge -s ours mundo
Merge made by the 'ours' strategy.
$ git diff HEAD HEAD~
$
You can see that there is no difference between the branch we were on and the result of the merge.
This can often be useful to basically trick Git into thinking that a branch is already merged when
doing a merge later on. For example, say you branched off a release branch and have done some
work on it that you will want to merge back into your master branch at some point. In the meantime
some bugfix on master needs to be backported into your release branch. You can merge the bugfix
branch into the release branch and also merge -s ours the same branch into your master branch
(even though the fix is already there) so when you later merge the release branch again, there are
no conflicts from the bugfix.
Subtree Merging
The idea of the subtree merge is that you have two projects, and one of the projects maps to a
subdirectory of the other one. When you specify a subtree merge, Git is often smart enough to
figure out that one is a subtree of the other and merge appropriately.
We’ll go through an example of adding a separate project into an existing project and then merging
the code of the second into a subdirectory of the first.
First, we’ll add the Rack application to our project. We’ll add the Rack project as a remote reference
in our own project and then check it out into its own branch:
286
$ git remote add rack_remote https://github.com/rack/rack
$ git fetch rack_remote --no-tags
warning: no common commits
remote: Counting objects: 3184, done.
remote: Compressing objects: 100% (1465/1465), done.
remote: Total 3184 (delta 1952), reused 2770 (delta 1675)
Receiving objects: 100% (3184/3184), 677.42 KiB | 4 KiB/s, done.
Resolving deltas: 100% (1952/1952), done.
From https://github.com/rack/rack
 * [new branch]      build      -> rack_remote/build
 * [new branch]      master     -> rack_remote/master
 * [new branch]      rack-0.4   -> rack_remote/rack-0.4
 * [new branch]      rack-0.9   -> rack_remote/rack-0.9
$ git checkout -b rack_branch rack_remote/master
Branch rack_branch set up to track remote branch refs/remotes/rack_remote/master.
Switched to a new branch "rack_branch"
Now we have the root of the Rack project in our rack_branch branch and our own project in the
master branch. If you check out one and then the other, you can see that they have different project
roots:
$ ls
AUTHORS         KNOWN-ISSUES   Rakefile      contrib         lib
COPYING         README         bin           example         test
$ git checkout master
Switched to branch "master"
$ ls
README
This is sort of a strange concept. Not all the branches in your repository actually have to be
branches of the same project. It’s not common, because it’s rarely helpful, but it’s fairly easy to have
branches contain completely different histories.
In this case, we want to pull the Rack project into our master project as a subdirectory. We can do
that in Git with git read-tree. You’ll learn more about read-tree and its friends in Git Internals, but
for now know that it reads the root tree of one branch into your current staging area and working
directory. We just switched back to your master branch, and we pull the rack_branch branch into the
rack subdirectory of our master branch of our main project:
$ git read-tree --prefix=rack/ -u rack_branch
When we commit, it looks like we have all the Rack files under that subdirectory — as though we
copied them in from a tarball. What gets interesting is that we can fairly easily merge changes from
one of the branches to the other. So, if the Rack project updates, we can pull in upstream changes
by switching to that branch and pulling:
287
$ git checkout rack_branch
$ git pull
Then, we can merge those changes back into our master branch. To pull in the changes and
prepopulate the commit message, use the --squash option, as well as the recursive merge strategy’s
-Xsubtree option. The recursive strategy is the default here, but we include it for clarity.
$ git checkout master
$ git merge --squash -s recursive -Xsubtree=rack rack_branch
Squash commit -- not updating HEAD
Automatic merge went well; stopped before committing as requested
All the changes from the Rack project are merged in and ready to be committed locally. You can also
do the opposite — make changes in the rack subdirectory of your master branch and then merge
them into your rack_branch branch later to submit them to the maintainers or push them upstream.
This gives us a way to have a workflow somewhat similar to the submodule workflow without
using submodules (which we will cover in Submodules). We can keep branches with other related
projects in our repository and subtree merge them into our project occasionally. It is nice in some
ways, for example all the code is committed to a single place. However, it has other drawbacks in
that it’s a bit more complex and easier to make mistakes in reintegrating changes or accidentally
pushing a branch into an unrelated repository.
Another slightly weird thing is that to get a diff between what you have in your rack subdirectory
and the code in your rack_branch branch — to see if you need to merge them — you can’t use the
normal diff command. Instead, you must run git diff-tree with the branch you want to compare
to:
$ git diff-tree -p rack_branch
Or, to compare what is in your rack subdirectory with what the master branch on the server was the
last time you fetched, you can run:
$ git diff-tree -p rack_remote/master
Rerere
The git rerere functionality is a bit of a hidden feature. The name stands for “reuse recorded
resolution” and, as the name implies, it allows you to ask Git to remember how you’ve resolved a
hunk conflict so that the next time it sees the same conflict, Git can resolve it for you automatically.
There are a number of scenarios in which this functionality might be really handy. One of the
examples that is mentioned in the documentation is when you want to make sure a long-lived topic
branch will ultimately merge cleanly, but you don’t want to have a bunch of intermediate merge
288
commits cluttering up your commit history. With rerere enabled, you can attempt the occasional
merge, resolve the conflicts, then back out of the merge. If you do this continuously, then the final
merge should be easy because rerere can just do everything for you automatically.
This same tactic can be used if you want to keep a branch rebased so you don’t have to deal with
the same rebasing conflicts each time you do it. Or if you want to take a branch that you merged
and fixed a bunch of conflicts and then decide to rebase it instead — you likely won’t have to do all
the same conflicts again.
Another application of rerere is where you merge a bunch of evolving topic branches together into
a testable head occasionally, as the Git project itself often does. If the tests fail, you can rewind the
merges and re-do them without the topic branch that made the tests fail without having to re-
resolve the conflicts again.
To enable rerere functionality, you simply have to run this config setting:
$ git config --global rerere.enabled true
You can also turn it on by creating the .git/rr-cache directory in a specific repository, but the
config setting is clearer and enables that feature globally for you.
Now let’s see a simple example, similar to our previous one. Let’s say we have a file named hello.rb
that looks like this:
#! /usr/bin/env ruby
def hello
  puts 'hello world'
end
In one branch we change the word “hello” to “hola”, then in another branch we change the “world”
to “mundo”, just like before.
289
Figure 160. Two branches changing the same part of the same file differently
When we merge the two branches together, we’ll get a merge conflict:
$ git merge i18n-world
Auto-merging hello.rb
CONFLICT (content): Merge conflict in hello.rb
Recorded preimage for 'hello.rb'
Automatic merge failed; fix conflicts and then commit the result.
You should notice the new line Recorded preimage for FILE in there. Otherwise it should look
exactly like a normal merge conflict. At this point, rerere can tell us a few things. Normally, you
might run git status at this point to see what all conflicted:
$ git status
# On branch master
# Unmerged paths:
#   (use "git reset HEAD <file>..." to unstage)
#   (use "git add <file>..." to mark resolution)
#
#   both modified:      hello.rb
#
However, git rerere will also tell you what it has recorded the pre-merge state for with git rerere
status:
$ git rerere status
hello.rb
And git rerere diff will show the current state of the resolution — what you started with to
290
resolve and what you’ve resolved it to.
$ git rerere diff
--- a/hello.rb
+++ b/hello.rb
@@ -1,11 +1,11 @@
 #! /usr/bin/env ruby
 def hello
-<<<<<<<
-  puts 'hello mundo'
-=======
+<<<<<<< HEAD
   puts 'hola world'
->>>>>>>
+=======
+  puts 'hello mundo'
+>>>>>>> i18n-world
 end
Also (and this isn’t really related to rerere), you can use git ls-files -u to see the conflicted files
and the before, left and right versions:
$ git ls-files -u
100644 39804c942a9c1f2c03dc7c5ebcd7f3e3a6b97519 1   hello.rb
100644 a440db6e8d1fd76ad438a49025a9ad9ce746f581 2   hello.rb
100644 54336ba847c3758ab604876419607e9443848474 3   hello.rb
Now you can resolve it to just be puts 'hola mundo' and you can run git rerere diff again to see
what rerere will remember:
$ git rerere diff
--- a/hello.rb
+++ b/hello.rb
@@ -1,11 +1,7 @@
 #! /usr/bin/env ruby
 def hello
-<<<<<<<
-  puts 'hello mundo'
-=======
-  puts 'hola world'
->>>>>>>
+  puts 'hola mundo'
 end
So that basically says, when Git sees a hunk conflict in a hello.rb file that has “hello mundo” on one
291
side and “hola world” on the other, it will resolve it to “hola mundo”.
Now we can mark it as resolved and commit it:
$ git add hello.rb
$ git commit
Recorded resolution for 'hello.rb'.
[master 68e16e5] Merge branch 'i18n'
You can see that it "Recorded resolution for FILE".
Figure 161. Recorded resolution for FILE
Now, let’s undo that merge and then rebase it on top of our master branch instead. We can move our
branch back by using git reset as we saw in Reset Demystified.
$ git reset --hard HEAD^
HEAD is now at ad63f15 i18n the hello
Our merge is undone. Now let’s rebase the topic branch.
$ git checkout i18n-world
Switched to branch 'i18n-world'
$ git rebase master
First, rewinding head to replay your work on top of it...
Applying: i18n one word
Using index info to reconstruct a base tree...
Falling back to patching base and 3-way merge...
292
Auto-merging hello.rb
CONFLICT (content): Merge conflict in hello.rb
Resolved 'hello.rb' using previous resolution.
Failed to merge in the changes.
Patch failed at 0001 i18n one word
Now, we got the same merge conflict like we expected, but take a look at the Resolved FILE using
previous resolution line. If we look at the file, we’ll see that it’s already been resolved, there are no
merge conflict markers in it.
#! /usr/bin/env ruby
def hello
  puts 'hola mundo'
end
Also, git diff will show you how it was automatically re-resolved:
$ git diff
diff --cc hello.rb
index a440db6,54336ba..0000000
--- a/hello.rb
+++ b/hello.rb
@@@ -1,7 -1,7 +1,7 @@@
  #! /usr/bin/env ruby
  def hello
-   puts 'hola world'
 -  puts 'hello mundo'
++  puts 'hola mundo'
  end
293
Figure 162. Automatically resolved merge conflict using previous resolution
You can also recreate the conflicted file state with git checkout:
$ git checkout --conflict=merge hello.rb
$ cat hello.rb
#! /usr/bin/env ruby
def hello
<<<<<<< ours
  puts 'hola world'
=======
  puts 'hello mundo'
>>>>>>> theirs
end
We saw an example of this in Advanced Merging. For now though, let’s re-resolve it by just running
git rerere again:
$ git rerere
Resolved 'hello.rb' using previous resolution.
$ cat hello.rb
#! /usr/bin/env ruby
def hello
  puts 'hola mundo'
end
We have re-resolved the file automatically using the rerere cached resolution. You can now add and
294
